// Jest Snapshot v1, https://goo.gl/fbAQLP

exports[`App tests App renders 1`] = `
ShallowWrapper {
  Symbol(enzyme.__root__): [Circular],
  Symbol(enzyme.__unrendered__): <AdminPanel />,
  Symbol(enzyme.__renderer__): Object {
    "batchedUpdates": [Function],
    "checkPropTypes": [Function],
    "getNode": [Function],
    "render": [Function],
    "simulateError": [Function],
    "simulateEvent": [Function],
    "unmount": [Function],
  },
  Symbol(enzyme.__node__): Object {
    "instance": null,
    "key": undefined,
    "nodeType": "host",
    "props": Object {
      "children": <form>
        <div
          className="form-group"
        >
          <input
            className="form-control"
            id="name"
            name="name"
            placeholder="Book name"
            type="text"
            value="nodejs"
          />
        </div>
        <div
          className="form-group"
        >
          <input
            className="form-control"
            id="author"
            name="author"
            placeholder="Book author"
            type="text"
          />
        </div>
        <div
          className="form-group"
        >
          <textarea
            className="form-control"
            id="description"
            name="description"
            placeholder="Book description"
          />
        </div>
        <div
          className="form-group"
        >
          <input
            className="form-check-input"
            id="onStock"
            name="oonStock"
            type="checkbox"
          />
          <label
            className="form-check-label"
            htmlFor="bookOnStock"
          >
            On stock
          </label>
        </div>
        <div
          className="form-group"
        >
          <input
            className="form-control"
            id="image"
            name="image"
            placeholder="Book image"
            type="text"
          />
        </div>
        <button
          className="btn btn-primary"
          type="submit"
        >
          Add
        </button>
      </form>,
      "className": "col-lg-4 adminPanel",
    },
    "ref": null,
    "rendered": Object {
      "instance": null,
      "key": undefined,
      "nodeType": "host",
      "props": Object {
        "children": Array [
          <div
            className="form-group"
          >
            <input
              className="form-control"
              id="name"
              name="name"
              placeholder="Book name"
              type="text"
              value="nodejs"
            />
          </div>,
          <div
            className="form-group"
          >
            <input
              className="form-control"
              id="author"
              name="author"
              placeholder="Book author"
              type="text"
            />
          </div>,
          <div
            className="form-group"
          >
            <textarea
              className="form-control"
              id="description"
              name="description"
              placeholder="Book description"
            />
          </div>,
          <div
            className="form-group"
          >
            <input
              className="form-check-input"
              id="onStock"
              name="oonStock"
              type="checkbox"
            />
            <label
              className="form-check-label"
              htmlFor="bookOnStock"
            >
              On stock
            </label>
          </div>,
          <div
            className="form-group"
          >
            <input
              className="form-control"
              id="image"
              name="image"
              placeholder="Book image"
              type="text"
            />
          </div>,
          <button
            className="btn btn-primary"
            type="submit"
          >
            Add
          </button>,
        ],
      },
      "ref": null,
      "rendered": Array [
        Object {
          "instance": null,
          "key": undefined,
          "nodeType": "host",
          "props": Object {
            "children": <input
              className="form-control"
              id="name"
              name="name"
              placeholder="Book name"
              type="text"
              value="nodejs"
            />,
            "className": "form-group",
          },
          "ref": null,
          "rendered": Object {
            "instance": null,
            "key": undefined,
            "nodeType": "host",
            "props": Object {
              "className": "form-control",
              "id": "name",
              "name": "name",
              "placeholder": "Book name",
              "type": "text",
              "value": "nodejs",
            },
            "ref": null,
            "rendered": null,
            "type": "input",
          },
          "type": "div",
        },
        Object {
          "instance": null,
          "key": undefined,
          "nodeType": "host",
          "props": Object {
            "children": <input
              className="form-control"
              id="author"
              name="author"
              placeholder="Book author"
              type="text"
            />,
            "className": "form-group",
          },
          "ref": null,
          "rendered": Object {
            "instance": null,
            "key": undefined,
            "nodeType": "host",
            "props": Object {
              "className": "form-control",
              "id": "author",
              "name": "author",
              "placeholder": "Book author",
              "type": "text",
            },
            "ref": null,
            "rendered": null,
            "type": "input",
          },
          "type": "div",
        },
        Object {
          "instance": null,
          "key": undefined,
          "nodeType": "host",
          "props": Object {
            "children": <textarea
              className="form-control"
              id="description"
              name="description"
              placeholder="Book description"
            />,
            "className": "form-group",
          },
          "ref": null,
          "rendered": Object {
            "instance": null,
            "key": undefined,
            "nodeType": "host",
            "props": Object {
              "className": "form-control",
              "id": "description",
              "name": "description",
              "placeholder": "Book description",
            },
            "ref": null,
            "rendered": null,
            "type": "textarea",
          },
          "type": "div",
        },
        Object {
          "instance": null,
          "key": undefined,
          "nodeType": "host",
          "props": Object {
            "children": Array [
              <input
                className="form-check-input"
                id="onStock"
                name="oonStock"
                type="checkbox"
              />,
              <label
                className="form-check-label"
                htmlFor="bookOnStock"
              >
                On stock
              </label>,
            ],
            "className": "form-group",
          },
          "ref": null,
          "rendered": Array [
            Object {
              "instance": null,
              "key": undefined,
              "nodeType": "host",
              "props": Object {
                "className": "form-check-input",
                "id": "onStock",
                "name": "oonStock",
                "type": "checkbox",
              },
              "ref": null,
              "rendered": null,
              "type": "input",
            },
            Object {
              "instance": null,
              "key": undefined,
              "nodeType": "host",
              "props": Object {
                "children": "On stock",
                "className": "form-check-label",
                "htmlFor": "bookOnStock",
              },
              "ref": null,
              "rendered": "On stock",
              "type": "label",
            },
          ],
          "type": "div",
        },
        Object {
          "instance": null,
          "key": undefined,
          "nodeType": "host",
          "props": Object {
            "children": <input
              className="form-control"
              id="image"
              name="image"
              placeholder="Book image"
              type="text"
            />,
            "className": "form-group",
          },
          "ref": null,
          "rendered": Object {
            "instance": null,
            "key": undefined,
            "nodeType": "host",
            "props": Object {
              "className": "form-control",
              "id": "image",
              "name": "image",
              "placeholder": "Book image",
              "type": "text",
            },
            "ref": null,
            "rendered": null,
            "type": "input",
          },
          "type": "div",
        },
        Object {
          "instance": null,
          "key": undefined,
          "nodeType": "host",
          "props": Object {
            "children": "Add",
            "className": "btn btn-primary",
            "type": "submit",
          },
          "ref": null,
          "rendered": "Add",
          "type": "button",
        },
      ],
      "type": "form",
    },
    "type": "div",
  },
  Symbol(enzyme.__nodes__): Array [
    Object {
      "instance": null,
      "key": undefined,
      "nodeType": "host",
      "props": Object {
        "children": <form>
          <div
            className="form-group"
          >
            <input
              className="form-control"
              id="name"
              name="name"
              placeholder="Book name"
              type="text"
              value="nodejs"
            />
          </div>
          <div
            className="form-group"
          >
            <input
              className="form-control"
              id="author"
              name="author"
              placeholder="Book author"
              type="text"
            />
          </div>
          <div
            className="form-group"
          >
            <textarea
              className="form-control"
              id="description"
              name="description"
              placeholder="Book description"
            />
          </div>
          <div
            className="form-group"
          >
            <input
              className="form-check-input"
              id="onStock"
              name="oonStock"
              type="checkbox"
            />
            <label
              className="form-check-label"
              htmlFor="bookOnStock"
            >
              On stock
            </label>
          </div>
          <div
            className="form-group"
          >
            <input
              className="form-control"
              id="image"
              name="image"
              placeholder="Book image"
              type="text"
            />
          </div>
          <button
            className="btn btn-primary"
            type="submit"
          >
            Add
          </button>
        </form>,
        "className": "col-lg-4 adminPanel",
      },
      "ref": null,
      "rendered": Object {
        "instance": null,
        "key": undefined,
        "nodeType": "host",
        "props": Object {
          "children": Array [
            <div
              className="form-group"
            >
              <input
                className="form-control"
                id="name"
                name="name"
                placeholder="Book name"
                type="text"
                value="nodejs"
              />
            </div>,
            <div
              className="form-group"
            >
              <input
                className="form-control"
                id="author"
                name="author"
                placeholder="Book author"
                type="text"
              />
            </div>,
            <div
              className="form-group"
            >
              <textarea
                className="form-control"
                id="description"
                name="description"
                placeholder="Book description"
              />
            </div>,
            <div
              className="form-group"
            >
              <input
                className="form-check-input"
                id="onStock"
                name="oonStock"
                type="checkbox"
              />
              <label
                className="form-check-label"
                htmlFor="bookOnStock"
              >
                On stock
              </label>
            </div>,
            <div
              className="form-group"
            >
              <input
                className="form-control"
                id="image"
                name="image"
                placeholder="Book image"
                type="text"
              />
            </div>,
            <button
              className="btn btn-primary"
              type="submit"
            >
              Add
            </button>,
          ],
        },
        "ref": null,
        "rendered": Array [
          Object {
            "instance": null,
            "key": undefined,
            "nodeType": "host",
            "props": Object {
              "children": <input
                className="form-control"
                id="name"
                name="name"
                placeholder="Book name"
                type="text"
                value="nodejs"
              />,
              "className": "form-group",
            },
            "ref": null,
            "rendered": Object {
              "instance": null,
              "key": undefined,
              "nodeType": "host",
              "props": Object {
                "className": "form-control",
                "id": "name",
                "name": "name",
                "placeholder": "Book name",
                "type": "text",
                "value": "nodejs",
              },
              "ref": null,
              "rendered": null,
              "type": "input",
            },
            "type": "div",
          },
          Object {
            "instance": null,
            "key": undefined,
            "nodeType": "host",
            "props": Object {
              "children": <input
                className="form-control"
                id="author"
                name="author"
                placeholder="Book author"
                type="text"
              />,
              "className": "form-group",
            },
            "ref": null,
            "rendered": Object {
              "instance": null,
              "key": undefined,
              "nodeType": "host",
              "props": Object {
                "className": "form-control",
                "id": "author",
                "name": "author",
                "placeholder": "Book author",
                "type": "text",
              },
              "ref": null,
              "rendered": null,
              "type": "input",
            },
            "type": "div",
          },
          Object {
            "instance": null,
            "key": undefined,
            "nodeType": "host",
            "props": Object {
              "children": <textarea
                className="form-control"
                id="description"
                name="description"
                placeholder="Book description"
              />,
              "className": "form-group",
            },
            "ref": null,
            "rendered": Object {
              "instance": null,
              "key": undefined,
              "nodeType": "host",
              "props": Object {
                "className": "form-control",
                "id": "description",
                "name": "description",
                "placeholder": "Book description",
              },
              "ref": null,
              "rendered": null,
              "type": "textarea",
            },
            "type": "div",
          },
          Object {
            "instance": null,
            "key": undefined,
            "nodeType": "host",
            "props": Object {
              "children": Array [
                <input
                  className="form-check-input"
                  id="onStock"
                  name="oonStock"
                  type="checkbox"
                />,
                <label
                  className="form-check-label"
                  htmlFor="bookOnStock"
                >
                  On stock
                </label>,
              ],
              "className": "form-group",
            },
            "ref": null,
            "rendered": Array [
              Object {
                "instance": null,
                "key": undefined,
                "nodeType": "host",
                "props": Object {
                  "className": "form-check-input",
                  "id": "onStock",
                  "name": "oonStock",
                  "type": "checkbox",
                },
                "ref": null,
                "rendered": null,
                "type": "input",
              },
              Object {
                "instance": null,
                "key": undefined,
                "nodeType": "host",
                "props": Object {
                  "children": "On stock",
                  "className": "form-check-label",
                  "htmlFor": "bookOnStock",
                },
                "ref": null,
                "rendered": "On stock",
                "type": "label",
              },
            ],
            "type": "div",
          },
          Object {
            "instance": null,
            "key": undefined,
            "nodeType": "host",
            "props": Object {
              "children": <input
                className="form-control"
                id="image"
                name="image"
                placeholder="Book image"
                type="text"
              />,
              "className": "form-group",
            },
            "ref": null,
            "rendered": Object {
              "instance": null,
              "key": undefined,
              "nodeType": "host",
              "props": Object {
                "className": "form-control",
                "id": "image",
                "name": "image",
                "placeholder": "Book image",
                "type": "text",
              },
              "ref": null,
              "rendered": null,
              "type": "input",
            },
            "type": "div",
          },
          Object {
            "instance": null,
            "key": undefined,
            "nodeType": "host",
            "props": Object {
              "children": "Add",
              "className": "btn btn-primary",
              "type": "submit",
            },
            "ref": null,
            "rendered": "Add",
            "type": "button",
          },
        ],
        "type": "form",
      },
      "type": "div",
    },
  ],
  Symbol(enzyme.__options__): Object {
    "adapter": ReactSixteenAdapter {
      "options": Object {
        "enableComponentDidUpdateOnSetState": true,
        "legacyContextMode": "parent",
        "lifecycles": Object {
          "componentDidUpdate": Object {
            "onSetState": true,
          },
          "getChildContext": Object {
            "calledByRenderer": false,
          },
          "getDerivedStateFromProps": true,
          "getSnapshotBeforeUpdate": true,
          "setState": Object {
            "skipsComponentDidUpdateOnNullish": true,
          },
        },
      },
    },
  },
  Symbol(enzyme.__childContext__): null,
}
`;
